     1                                  %include "macros.asm"
     1                              <1> ; macros.asm — biblioteca de macros utilitarias 
     2                              <1> 
     3                              <1> %macro fin_dos 0 
     4                              <1>     mov ax, 4C00h 
     5                              <1>     int 21h 
     6                              <1> %endmacro 
     7                              <1> 
     8                              <1> %macro nueva_linea 0 
     9                              <1>     mov ah, 02h 
    10                              <1>     mov dl, 0Dh 
    11                              <1>     int 21h 
    12                              <1>     mov dl, 0Ah 
    13                              <1>     int 21h 
    14                              <1> %endmacro 
    15                              <1> 
    16                              <1> %macro print_str 1 
    17                              <1>     mov ah, 09h 
    18                              <1>     mov dx, %1 
    19                              <1>     int 21h 
    20                              <1> %endmacro 
    21                              <1> 
    22                              <1> %macro print_char 1 
    23                              <1>     mov ah, 02h 
    24                              <1>     mov dl, %1 
    25                              <1>     int 21h 
    26                              <1> %endmacro 
    27                              <1> 
    28                              <1> %macro leer_char 0 
    29                              <1>     mov ah, 07h 
    30                              <1>     int 21h 
    31                              <1> %endmacro 
    32                              <1> 
    33                              <1> %macro repetir_str 2 
    34                              <1>     mov cx, %2 
    35                              <1> %%ciclo: 
    36                              <1>     mov ah, 09h 
    37                              <1>     mov dx, %1 
    38                              <1>     int 21h 
    39                              <1>     loop %%ciclo 
    40                              <1> %endmacro 
    41                              <1> 
    42                              <1> %macro print_digito 0 
    43                              <1>     push ax 
    44                              <1>     and al, 0Fh 
    45                              <1>     add al, 30h 
    46                              <1>     mov ah, 02h 
    47                              <1>     mov dl, al 
    48                              <1>     int 21h 
    49                              <1>     pop ax 
    50                              <1> %endmacro 
     2                                  
     3                                  org 100h
     4                                  
     5 00000000 E9A300                  jmp start
     6                                  
     7                                  ; ========================
     8                                  ; DATOS
     9                                  ; ========================
    10 00000003 3D3D3D204D6163726F-     titulo db "=== Macros y Control de Flujo ===", 0Dh, 0Ah, '$'
    10 0000000C 73207920436F6E7472-
    10 00000015 6F6C20646520466C75-
    10 0000001E 6A6F203D3D3D0D0A24 
    11 00000027 5B4C696E656120415D-     linea_a db "[Linea A] Primera impresion", 0Dh, 0Ah, '$'
    11 00000030 205072696D65726120-
    11 00000039 696D70726573696F6E-
    11 00000042 0D0A24             
    12 00000045 5B4C696E656120425D-     linea_b db "[Linea B] Segunda impresion", 0Dh, 0Ah, '$'
    12 0000004E 20536567756E646120-
    12 00000057 696D70726573696F6E-
    12 00000060 0D0A24             
    13 00000063 456C2076616C6F7220-     msg_mayor db "El valor mayor es: $"
    13 0000006C 6D61796F722065733A-
    13 00000075 2024               
    14 00000077 4C6F732076616C6F72-     msg_iguales db "Los valores son iguales.", 0Dh, 0Ah, '$'
    14 00000080 657320736F6E206967-
    14 00000089 75616C65732E0D0A24 
    15 00000092 46696E2064656C2070-     msg_fin db "Fin del programa.", 0Dh, 0Ah, '$'
    15 0000009B 726F6772616D612E0D-
    15 000000A4 0A24               
    16                                  
    17                                  ; ========================
    18                                  ; CODIGO
    19                                  ; ========================
    20                                  start:
    21                                  
    22                                      print_str titulo
    17 000000A6 B409                <1>  mov ah, 09h
    18 000000A8 BA[0300]            <1>  mov dx, %1
    19 000000AB CD21                <1>  int 21h
    23                                  
    24                                      repetir_str linea_a, 3
    34 000000AD B90300              <1>  mov cx, %2
    35                              <1> %%ciclo:
    36 000000B0 B409                <1>  mov ah, 09h
    37 000000B2 BA[2700]            <1>  mov dx, %1
    38 000000B5 CD21                <1>  int 21h
    39 000000B7 E2F7                <1>  loop %%ciclo
    25                                  
    26 000000B9 B90300                      mov cx, 3
    27 000000BC E83B00                      call sumar_serie
    28                                      print_str msg_mayor
    17 000000BF B409                <1>  mov ah, 09h
    18 000000C1 BA[6300]            <1>  mov dx, %1
    19 000000C4 CD21                <1>  int 21h
    29                                      print_digito
    43 000000C6 50                  <1>  push ax
    44 000000C7 240F                <1>  and al, 0Fh
    45 000000C9 0430                <1>  add al, 30h
    46 000000CB B402                <1>  mov ah, 02h
    47 000000CD 88C2                <1>  mov dl, al
    48 000000CF CD21                <1>  int 21h
    49 000000D1 58                  <1>  pop ax
    30                                      nueva_linea
     9 000000D2 B402                <1>  mov ah, 02h
    10 000000D4 B20D                <1>  mov dl, 0Dh
    11 000000D6 CD21                <1>  int 21h
    12 000000D8 B20A                <1>  mov dl, 0Ah
    13 000000DA CD21                <1>  int 21h
    31                                  
    32 000000DC B80900                      mov ax, 9
    33 000000DF BB0400                      mov bx, 4
    34 000000E2 E81E00                      call comparar_e_imprimir
    35                                  
    36 000000E5 B80500                      mov ax, 5
    37 000000E8 BB0500                      mov bx, 5
    38 000000EB E81500                      call comparar_e_imprimir
    39                                  
    40                                      print_str msg_fin
    17 000000EE B409                <1>  mov ah, 09h
    18 000000F0 BA[9200]            <1>  mov dx, %1
    19 000000F3 CD21                <1>  int 21h
    41                                      fin_dos
     4 000000F5 B8004C              <1>  mov ax, 4C00h
     5 000000F8 CD21                <1>  int 21h
    42                                  
    43                                  ; ========================
    44                                  sumar_serie:
    45 000000FA 51                          push cx
    46 000000FB 31C0                        xor ax, ax
    47                                  
    48                                  .paso:
    49 000000FD 01C8                        add ax, cx
    50 000000FF E2FC                        loop .paso
    51                                  
    52 00000101 59                          pop cx
    53 00000102 C3                          ret
    54                                  
    55                                  ; ========================
    56                                  comparar_e_imprimir:
    57 00000103 50                          push ax
    58 00000104 53                          push bx
    59                                  
    60 00000105 39D8                        cmp ax, bx
    61 00000107 7442                        je .iguales
    62 00000109 7F21                        jg .ax_mayor
    63                                  
    64                                      print_str msg_mayor
    17 0000010B B409                <1>  mov ah, 09h
    18 0000010D BA[6300]            <1>  mov dx, %1
    19 00000110 CD21                <1>  int 21h
    65 00000112 88D8                        mov al, bl
    66                                      print_digito
    43 00000114 50                  <1>  push ax
    44 00000115 240F                <1>  and al, 0Fh
    45 00000117 0430                <1>  add al, 30h
    46 00000119 B402                <1>  mov ah, 02h
    47 0000011B 88C2                <1>  mov dl, al
    48 0000011D CD21                <1>  int 21h
    49 0000011F 58                  <1>  pop ax
    67                                      nueva_linea
     9 00000120 B402                <1>  mov ah, 02h
    10 00000122 B20D                <1>  mov dl, 0Dh
    11 00000124 CD21                <1>  int 21h
    12 00000126 B20A                <1>  mov dl, 0Ah
    13 00000128 CD21                <1>  int 21h
    68 0000012A EB26                        jmp .fin
    69                                  
    70                                  .ax_mayor:
    71                                      print_str msg_mayor
    17 0000012C B409                <1>  mov ah, 09h
    18 0000012E BA[6300]            <1>  mov dx, %1
    19 00000131 CD21                <1>  int 21h
    72                                      print_digito
    43 00000133 50                  <1>  push ax
    44 00000134 240F                <1>  and al, 0Fh
    45 00000136 0430                <1>  add al, 30h
    46 00000138 B402                <1>  mov ah, 02h
    47 0000013A 88C2                <1>  mov dl, al
    48 0000013C CD21                <1>  int 21h
    49 0000013E 58                  <1>  pop ax
    73                                      nueva_linea
     9 0000013F B402                <1>  mov ah, 02h
    10 00000141 B20D                <1>  mov dl, 0Dh
    11 00000143 CD21                <1>  int 21h
    12 00000145 B20A                <1>  mov dl, 0Ah
    13 00000147 CD21                <1>  int 21h
    74 00000149 EB07                        jmp .fin
    75                                  
    76                                  .iguales:
    77                                      print_str msg_iguales
    17 0000014B B409                <1>  mov ah, 09h
    18 0000014D BA[7700]            <1>  mov dx, %1
    19 00000150 CD21                <1>  int 21h
    78                                  
    79                                  .fin:
    80 00000152 5B                          pop bx
    81 00000153 58                          pop ax
    82 00000154 C3                          ret
